[100, 90, 1, 2, 2, 2, 3, 89, 45, 835, 23, 456, 12, 7, 34, 2458, 8, 8, 359]
