a: 42, c: 10, e: 123, z: 2
error
a: 42, c: 10, e: 123, z: 2
error
