28868436
87164
6356
218218218218
a: 42, b: qw, c: 10, d: [7217109, 21791, 1589, '218'], e: -214, z: 2
128700
