0!D"=%8&`+"+t,W-n/G0c1C3U5y62=0=2@NA4C9D%D[J%JQL[NORZTBTWTeW:WaYWZ@[ma3c?e&eBg,h(jNjVk!mvq/q/tgtj