1256 * 1256 = 1577536 1256 * 1257 = 1578792 1256 * 1258 = 1580048 

1257 * 1256 = 1578792 1257 * 1257 = 1580049 1257 * 1258 = 1581306 

1258 * 1256 = 1580048 1258 * 1257 = 1581306 1258 * 1258 = 1582564 

