Not a triangle
InvalidInput
InvalidInput
InvalidInput
InvalidInput
1.5
