__init__: (111,), {}
add: (9,), {}
231
add: (9, 1), {}
121
f: (), {}
141
f: (), {'b': 2}
121
