###########
#~~~~~~~~~#
#~~~~~~~~~#
###########
........    8/18
~~~~~~~~~~ 10/18
