########
#......#
#......#
#......#
#~~~~~~#
########
.................. 18/24
~~~~~~              6/24
