True 0 5.500000000000004
False True
True False False
