В настоящее время поддержка коммерческих шрифтов выделена в самостоятельную коллекцию PSNFSSx. Среди пакетов PSNFSSx следует выделить пакетыhvmaths, lucidabr, ly1, mathtime, mtpro, tmmaths, которые предназначены для заменыматематических шрифтов Computer Modern на современные шрифты Lucida Bright иMathTime, продаваемые компаниями Y&Y 9 и MicroPress10 . Мы сосредоточим внимание Читателя на некоммерческих шрифтах, поддерживаемых пакетами PSNFSS, темболее что здесь также есть замечательные шрифты семейств Palatino и Times для математических формул.
